// Jest Snapshot v1, https://goo.gl/fbAQLP

exports[`ShButton renders the component 1`] = `<button class="sh-btn sh-btn-blue"></button>`;
